// Jest Snapshot v1, https://goo.gl/fbAQLP

exports[`<Header /> should render and match snapshot 1`] = `
<body>
  <div>
    <header
      class="sc-AxgMl fJZqfz"
    >
      <div
        class="sc-AxheI kEoNYT"
      >
        <div
          class="sc-AxjAm khWceK"
          title="logo"
        >
          <img
            alt="logo"
            class="sc-AxirZ dbNCkZ"
            src="logo.svg"
          />
        </div>
      </div>
      <ul
        class="sc-Axmtr empjiD"
      >
        <li
          class="sc-AxmLO ACpjz"
        >
          <a
            class="sc-fzozJi lbnCcF"
            href="/personnel"
            state="not-active"
          >
            Рота
          </a>
        </li>
        <li
          class="sc-AxmLO ACpjz"
        >
          <a
            class="sc-fzozJi lbnCcF"
            href="/schedule"
            state="not-active"
          >
            График
          </a>
        </li>
      </ul>
      <div
        class="sc-fzpans faASHH"
      />
      <div
        class="sc-fzplWN ka-daBj"
      >
        <div
          class="sc-fznyAO czlwcB"
        >
          <img
            alt="profile image"
            class="sc-fznKkj heRQzp"
            src="profile.svg"
          />
        </div>
        <div
          class="sc-fznyAO czlwcB"
        >
          <img
            alt="setting image"
            class="sc-fznKkj heRQzp"
            src="settings.svg"
          />
        </div>
        <div
          class="sc-fznyAO czlwcB"
        >
          <img
            alt="logout image"
            class="sc-fznKkj heRQzp"
            src="logout.svg"
          />
        </div>
      </div>
      <div
        class="sc-fzoLsD HIAoK"
      >
        <div />
        <div />
        <div />
      </div>
    </header>
  </div>
</body>
`;
