// Jest Snapshot v1, https://goo.gl/fbAQLP

exports[`pages/signIn should render and match snapshot 1`] = `
<body>
  <div>
    <div
      class="sc-AxiKw fafQI"
    >
      <div
        class="sc-AxjAm ikEmMz"
        title="logo"
      >
        <img
          alt="logo"
          class="sc-AxirZ dbNCkZ"
          src="logo_captioned.svg"
        />
      </div>
      &lt;div&gt;LoginForm Component&lt;/div&gt;
    </div>
  </div>
</body>
`;
