// Jest Snapshot v1, https://goo.gl/fbAQLP

exports[`<Logo /> should render and match snapshot 1`] = `
<body>
  <div>
    <div
      class="sc-AxjAm khWceK"
      title="logo"
    >
      <img
        alt="logo"
        class="sc-AxirZ dbNCkZ"
        src="logo.svg"
      />
    </div>
  </div>
</body>
`;
